// Jest Snapshot v1, https://goo.gl/fbAQLP

exports[`<App /> renders and matches snapshot 1`] = `
<div>
  <div
    class="sc-fznWqX foteFV"
  >
    <header
      class="sc-fznJRM ihGeLz"
    >
      <div
        class="header-logo-wrapper"
      >
        <a
          href="/"
        >
          <span
            class="logo"
          >
            Weather Connect
          </span>
        </a>
      </div>
      <div
        class="header-setting-wrapper"
      >
        <button
          aria-label="Open Settings"
        >
          <svg
            fill="#FFFFFF"
            height="24"
            viewBox="0 0 24 24"
            width="24"
            xmlns="http://www.w3.org/2000/svg"
          >
            <g>
              <path
                d="M0,0h24v24H0V0z"
                fill="none"
              />
              <path
                d="M19.14,12.94c0.04-0.3,0.06-0.61,0.06-0.94c0-0.32-0.02-0.64-0.07-0.94l2.03-1.58c0.18-0.14,0.23-0.41,0.12-0.61 l-1.92-3.32c-0.12-0.22-0.37-0.29-0.59-0.22l-2.39,0.96c-0.5-0.38-1.03-0.7-1.62-0.94L14.4,2.81c-0.04-0.24-0.24-0.41-0.48-0.41 h-3.84c-0.24,0-0.43,0.17-0.47,0.41L9.25,5.35C8.66,5.59,8.12,5.92,7.63,6.29L5.24,5.33c-0.22-0.08-0.47,0-0.59,0.22L2.74,8.87 C2.62,9.08,2.66,9.34,2.86,9.48l2.03,1.58C4.84,11.36,4.8,11.69,4.8,12s0.02,0.64,0.07,0.94l-2.03,1.58 c-0.18,0.14-0.23,0.41-0.12,0.61l1.92,3.32c0.12,0.22,0.37,0.29,0.59,0.22l2.39-0.96c0.5,0.38,1.03,0.7,1.62,0.94l0.36,2.54 c0.05,0.24,0.24,0.41,0.48,0.41h3.84c0.24,0,0.44-0.17,0.47-0.41l0.36-2.54c0.59-0.24,1.13-0.56,1.62-0.94l2.39,0.96 c0.22,0.08,0.47,0,0.59-0.22l1.92-3.32c0.12-0.22,0.07-0.47-0.12-0.61L19.14,12.94z M12,15.6c-1.98,0-3.6-1.62-3.6-3.6 s1.62-3.6,3.6-3.6s3.6,1.62,3.6,3.6S13.98,15.6,12,15.6z"
              />
            </g>
          </svg>
        </button>
      </div>
    </header>
    <div
      class="main-page-layout-wrapper"
    >
      <main
        class="main-page-content"
      >
        <section
          class="sc-fzozJi eRVneo"
        >
          <h1
            class="welcome-heading"
          >
            Welcome!
          </h1>
          <h3
            class="welcome-paragraph"
          >
            Use the form below to search for a city and add it to your favourites
          </h3>
        </section>
        <div
          class="sc-AxjAm ljWcjv"
        >
          <div
            class="sc-AxheI kwSqZm"
            title="Location Search"
          >
            <div
              class="sc-AxgMl aECWc"
            >
              <h3>
                Location Search
              </h3>
            </div>
            <form
              class="sc-AxhUy hPtbI"
            >
              <div
                class="inputs-wrapper"
              >
                <div
                  class="sc-AxiKw hwsIHP"
                >
                  <label
                    for="city"
                  >
                    Enter the name of a city
                  </label>
                  <input
                    aria-label="Enter the name of a city"
                    data-testid="location-search-input"
                    id="city"
                    name="city"
                    placeholder="Newcastle upon Tyne"
                    type="text"
                    value=""
                  />
                  <p
                    class="input-description"
                  >
                    E.g. Newcastle Upon Tyne or New York
                  </p>
                </div>
              </div>
              <button
                class="sc-AxirZ bIZjPC"
                data-testid="main-search-button"
                disabled=""
              >
                <span
                  class="material-icons"
                >
                  search
                </span>
                Search
              </button>
            </form>
          </div>
        </div>
      </main>
      <div
        class="sc-fzqBZW dgWXPS"
      >
        <div
          class="favourites-wrapper"
        >
          <h2
            class="main-title"
          >
            <span
              class="material-icons star-icon"
            >
              star
            </span>
             Your Favourites
          </h2>
          <div
            class="no-locations-saved"
            data-testid="favourites-no-locations"
          >
            <p>
              No locations have been selected use the form on the home page to add one
            </p>
          </div>
        </div>
        <footer
          class="sc-fzoXzr dXVXzl"
        >
          <p>
            Made with â™¥ by Simon Parker
          </p>
        </footer>
      </div>
    </div>
  </div>
</div>
`;
