// Jest Snapshot v1, https://goo.gl/fbAQLP

exports[`<LocationDetailPage /> renders with the correct location and matches snapshot 1`] = `
<div>
  <section
    class="sc-fzpans gdQUzA"
  >
    <section
      class="sc-fzozJi eRVneo"
    >
      <div
        class="page-title-left-right-wrapper"
      >
        <div
          class="page-title-content"
        >
          <h1>
            Newcastle upon Tyne
          </h1>
          <h3>
            United Kingdom of Great Britain and Northern Ireland
          </h3>
        </div>
        <div
          class="page-title-extra"
        >
          <p
            class="min-max-temp"
          >
            <svg
              class="up-icon"
              fill="#2ECC40"
              height="24"
              viewBox="0 0 24 24"
              width="24"
              xmlns="http://www.w3.org/2000/svg"
            >
              <path
                d="M0 0h24v24H0z"
                fill="none"
              />
              <path
                d="M7 14l5-5 5 5z"
              />
            </svg>
            <span>
              24
              <sup>
                째
              </sup>
            </span>
            <svg
              fill="#E31B3A"
              height="24"
              viewBox="0 0 24 24"
              width="24"
              xmlns="http://www.w3.org/2000/svg"
            >
              <path
                d="M0 0h24v24H0z"
                fill="none"
              />
              <path
                d="M7 10l5 5 5-5z"
              />
            </svg>
            <span>
              22
              <sup>
                째
              </sup>
            </span>
          </p>
          <h3>
            <img
              alt="Clouds"
              src="http://openweathermap.org/img/wn/03d.png"
            />
            23
            <sup
              data-testid="temp-units"
            >
              째C
            </sup>
          </h3>
          <p
            class="feels-like"
          >
            Feels like 
            20
            <sup>
              째
            </sup>
          </p>
        </div>
      </div>
    </section>
    <div
      class="content-wrapper"
    >
      <div
        class="sc-AxheI kwSqZm"
      >
        <div
          class="sc-AxgMl cVkjKg"
        >
          <div
            class="icon-wrapper"
          >
            <svg
              height="34px"
              version="1.1"
              viewBox="0 0 32 32"
              width="34px"
              xmlns="http://www.w3.org/2000/svg"
              xmlns:xlink="http://www.w3.org/1999/xlink"
            >
              <g
                fill="none"
                fill-rule="evenodd"
                stroke="none"
                stroke-width="1"
              >
                <g
                  fill="#718096"
                  id="icon-43-wind"
                >
                  <path
                    d="M30,14 C30,11.790861 28.2046438,10 26,10 C23.790861,10 22,11.7894101 22,14 L23,14 C23,12.3431458 24.3465171,11 26,11 C27.6568542,11 29,12.3465171 29,14 C29,15.6568542 27.6568766,17 25.9920699,17 L3,17 L3,18 L26.0015293,18 C28.2098237,18 30,16.2046438 30,14 L30,14 Z M21,13 C21,11.3431458 19.6534829,10 18,10 C16.3431458,10 15,11.3420576 15,12.991394 L15,13 L16,13 C16,11.8954305 16.8877296,11 18,11 C19.1045695,11 20,11.8877296 20,13 C20,14.1045695 19.1029399,15 17.9941413,15 L6,15 L6,16 L18.0005775,16 C19.6571128,16 21,14.6534829 21,13 L21,13 Z M25,21 C25,22.1045695 24.1122704,23 23,23 L23,23 C21.8954305,23 21,22.1052949 21,21.0057373 L21,21 L22,21 C22,21.5522847 22.4438648,22 23,22 L23,22 C23.5522847,22 24,21.5561352 24,21 L24,21 C24,20.4477153 23.5510798,20 22.992516,20 L9,20 L9,19 L23.0059397,19 C24.1072288,19 25,19.8877296 25,21 L25,21 L25,21 Z"
                    id="wind"
                  />
                </g>
              </g>
            </svg>
          </div>
          <h4>
            Wind Conditions
          </h4>
        </div>
        <div
          class="sc-fznyAO yloHq"
        >
          <div
            class="wind-details-speeds"
          >
            <div
              class="value-wrapper"
            >
              <h2
                data-testid="main-wind-speed-title"
              >
                6
              </h2>
              <span
                class="units"
                data-testid="speed-units"
              >
                mph
              </span>
            </div>
            <div
              class="direction-wrapper"
            >
              <svg
                class="wind-direction-icon"
                data-testid="wind-direction-icon"
                fill="#718096"
                viewBox="0 0 24 24"
                xmlns="http://www.w3.org/2000/svg"
              >
                <path
                  d="M0 0h24v24H0z"
                  fill="none"
                />
                <path
                  d="M12 2L4.5 20.29l.71.71L12 18l6.79 3 .71-.71z"
                />
              </svg>
            </div>
          </div>
          <div
            class="wind-details-content"
          >
            <h3
              data-testid="wind-speed-text-value"
            >
              Gentle
            </h3>
            <p
              data-testid="wind-direction-text-value"
            >
              South Easterly
            </p>
          </div>
          <div
            class="upcoming-wind-details"
          >
            <h4>
              Upcoming 24 Hours
            </h4>
            <div
              class="loader-wrapper"
            >
              <div
                aria-busy="true"
                class="sc-fznKkj dijmJu"
              >
                <div
                  class="dot1"
                />
                <div
                  class="dot2"
                />
              </div>
            </div>
          </div>
        </div>
      </div>
      <h2>
        Current Details
      </h2>
      <div
        class="cols-wrapper"
      >
        <div
          class="sc-AxheI sc-fznZeY lgdgpQ"
        >
          <h4>
            Summary
          </h4>
          <p
            class="value"
          >
            Clouds
          </p>
          <p
            class="description"
          >
            Scattered clouds
          </p>
        </div>
        <div
          class="sc-AxheI sc-fznZeY lgdgpQ"
        >
          <h4>
            Humidity
          </h4>
          <p
            class="value"
          >
            31
          </p>
          <p
            class="description"
          >
            %
          </p>
        </div>
        <div
          class="sc-AxheI sc-fznZeY lgdgpQ"
        >
          <h4>
            Visibility
          </h4>
          <p
            class="value"
          >
            6
          </p>
          <p
            class="description"
          >
            miles
          </p>
        </div>
      </div>
      <div
        class="loader-wrapper"
      >
        <div
          aria-busy="true"
          class="sc-fznKkj dijmJu"
        >
          <div
            class="dot1"
          />
          <div
            class="dot2"
          />
        </div>
      </div>
    </div>
  </section>
</div>
`;
